[rallyinteractive.com/contact/index.html]
[backblue.gif]
[fade.gif]
[index.html]
[rallyinteractive.com/static/js/flush/events/Events.js]
[rallyinteractive.com/static/js/flush/events/GlobalEvent.js]
[rallyinteractive.com/static/js/flush/events/GlobalEvents.js]
[rallyinteractive.com/static/js/flush/events/MouseEvent.js]
[rallyinteractive.com/static/js/flush/display/Stage.js]
[rallyinteractive.com/static/js/flush/display/Sprite.js]
[rallyinteractive.com/static/js/flush/display/TraditionalSprite.js]
[rallyinteractive.com/static/js/flush/geom/Point2D.js]
[rallyinteractive.com/static/js/flush/utils/Tween.js]
[rallyinteractive.com/static/js/flush/utils/Ease.js]
[rallyinteractive.com/static/js/flush/utils/Utils.js]
[rallyinteractive.com/static/js/flush/color/HEXColor.js]
[rallyinteractive.com/static/js/flush/color/HSVColor.js]
[rallyinteractive.com/static/js/flush/color/RGBColor.js]
[rallyinteractive.com/static/js/rally/sprites/BioIn.js]
[rallyinteractive.com/static/js/rally/sprites/BioShare.js]
[rallyinteractive.com/static/js/rally/sprites/BioTweet.js]
[rallyinteractive.com/static/js/rally/sprites/BigTweet.js]
[rallyinteractive.com/static/js/rally/sprites/BigShare.js]
[rallyinteractive.com/static/js/rally/sprites/NavArrow.js]
[rallyinteractive.com/static/js/rally/CountText.js]
[rallyinteractive.com/static/js/rally/BottomBar.js]
[rallyinteractive.com/static/js/rally/Refresh.js]
[rallyinteractive.com/static/js/rally/DribbbleLink.js]
[rallyinteractive.com/static/js/rally/Icons.js]
[rallyinteractive.com/static/js/rally/TriangleMask.js]
[rallyinteractive.com/static/js/rally/Triangle.js]
[rallyinteractive.com/static/js/rally/Rally.js]
[rallyinteractive.com/static/css/master.css]
[static.rallyinteractive.com/img/stats-light.png]
[static.rallyinteractive.com/img/stats-dark.png]
[rallyinteractive.com/static/img/thomas.jpg]
[rallyinteractive.com/static/img/ben.jpg]
[rallyinteractive.com/static/img/wes.jpg]
[rallyinteractive.com/static/img/heart.png]
[rallyinteractive.com/static/img/logos.png]
[rallyinteractive.com/static/img/logos-small.png]
[platform.twitter.com/widgets.js]
[rallyinteractive.com/contact/index.html]
[static.rallyinteractive.com/css/reset.css]
[static.rallyinteractive.com/img/logo.png]
[static.rallyinteractive.com/img/top.png]
[static.rallyinteractive.com/img/sprite-share.png]
[static.rallyinteractive.com/img/line.png]
[static.rallyinteractive.com/img/arrow.png]
[static.rallyinteractive.com/img/sprite-twitter.png]
[static.rallyinteractive.com/img/hr.png]
[static.rallyinteractive.com/img/sprite-bio-tweet.png]
[static.rallyinteractive.com/img/sprite-bio-share.png]
[static.rallyinteractive.com/img/sprite-bio-in.png]
[static.rallyinteractive.com/img/toggle-down.png]
[static.rallyinteractive.com/img/bar.png]
[static.rallyinteractive.com/img/triangles-bg.png]
[rallyinteractive.com/static/css/master.css]
